logic__96: 
logic__312: 
case__50: 
muxpart__68: 
datapath__7: 
muxpart__34: 
case__23: 
logic__11: 
reg__28: 
logic__284: 
logic__272: 
muxpart__33: 
muxpart__7: 
reg__44: 
logic__75: 
muxpart__19: 
muxpart__28: 
muxpart__46: 
case__68: 
case__33: 
logic__161: 
logic__165: 
case__61: 
case__46: 
case__21: 
reg__45: 
logic__353: 
muxpart__72: 
reg__8: 
muxpart__27: 
case__47: 
muxpart__80: 
logic__51: 
reg__33: 
muxpart: 
logic__285: 
logic__166: 
logic__216: 
reg__5: 
logic__67: 
case__8: 
logic__125: 
case__4: 
muxpart__5: 
muxpart__58: 
muxpart__25: 
muxpart__73: 
case__17: 
case: 
muxpart__48: 
logic__170: 
datapath__14: 
logic__278: 
datapath__9: 
reg__10: 
logic__196: 
case__56: 
reg__17: 
case__13: 
datapath__13: 
reg__46: 
muxpart__54: 
logic__264: 
logic__322: 
reg__47: 
logic__326: 
logic__206: 
datapath: 
logic__15: 
logic__257: 
logic__199: 
muxpart__40: 
datapath__3: 
case__36: 
case__83: 
reg__22: 
muxpart__26: 
datapath__1: 
logic__349: 
case__29: 
muxpart__38: 
case__44: 
muxpart__2: 
datapath__4: 
muxpart__45: 
muxpart__71: 
case__48: 
logic__232: 
case__70: 
logic__102: 
case__73: 
muxpart__31: 
case__84: 
logic__276: 
case__71: 
case__81: 
datapath__11: 
case__19: 
reg__12: 
datapath__12: 
logic__184: 
case__49: 
reg__9: 
muxpart__75: 
logic__58: 
logic__229: 
reg__19: 
logic__277: 
muxpart__30: 
case__25: 
case__37: 
case__24: 
muxpart__35: 
logic__138: 
datapath__19: 
logic__292: 
muxpart__78: 
logic__330: 
case__78: 
muxpart__55: 
muxpart__76: 
muxpart__53: 
reg__16: 
BoardV3: 
datapath__16: 
logic__296: 
muxpart__79: 
muxpart__66: 
logic__13: 
muxpart__12: 
reg__27: 
logic__167: 
case__58: 
muxpart__22: 
logic__339: 
reg__24: 
case__28: 
muxpart__69: 
logic__139: 
reg__18: 
reg__39: 
logic__47: 
Segments_Scan: 
reg__32: 
Keyboard: 
case__26: 
logic__90: 
logic__149: 
muxpart__49: 
reg__49: 
muxpart__23: 
reg__31: 
logic__273: 
datapath__10: 
datapath__21: 
logic__155: 
logic__59: 
muxpart__8: 
case__38: 
logic__95: 
reg__14: 
logic__266: 
logic__243: 
muxpart__11: 
case__72: 
counter: 
logic__187: 
case__7: 
datapath__17: 
muxpart__52: 
reg__43: 
logic__87: 
logic__327: 
logic__108: 
logic__114: 
muxpart__4: 
case__59: 
case__53: 
logic__203: 
case__63: 
reg__35: 
logic__172: 
logic__269: 
case__35: 
case__31: 
Uart_S7: 
reg__25: 
logic__18: 
datapath__18: 
case__64: 
logic__240: 
case__15: 
datapath__20: 
case__32: 
case__69: 
muxpart__50: 
logic__336: 
reg__37: 
muxpart__63: 
reg__3: 
logic__356: 
muxpart__56: 
muxpart__14: 
datapath__8: 
logic__50: 
logic__373: 
case__27: 
case__52: 
reg__13: 
reg__6: 
reg__4: 
case__79: 
reg__15: 
datapath__15: 
case__62: 
logic__84: 
case__16: 
muxpart__65: 
logic__225: 
muxpart__62: 
Clocks: 
case__67: 
muxpart__60: 
reg__23: 
case__51: 
logic__41: 
case__34: 
case__11: 
reg__11: 
logic__91: 
case__80: 
muxpart__10: 
muxpart__3: 
muxpart__41: 
logic__175: 
logic__348: 
logic__289: 
logic__63: 
logic__219: 
logic: 
logic__99: 
muxpart__18: 
case__45: 
muxpart__47: 
muxpart__37: 
case__66: 
logic__211: 
case__12: 
case__30: 
logic__151: 
muxpart__77: 
reg__7: 
case__74: 
case__55: 
logic__52: 
case__40: 
reg__40: 
logic__76: 
case__6: 
AckieV2: 
reg__48: 
logic__342: 
muxpart__51: 
reg__29: 
logic__334: 
muxpart__24: 
reg__1: 
muxpart__59: 
muxpart__21: 
muxpart__15: 
logic__222: 
case__60: 
case__76: 
Traffic_Light_Board: 
logic__256: 
logic__148: 
muxpart__81: 
muxpart__29: 
logic__252: 
reg__36: 
reg__42: 
case__18: 
logic__260: 
logic__315: 
logic__208: 
logic__378: 
reg__26: 
muxpart__74: 
logic__281: 
case__57: 
logic__40: 
muxpart__32: 
muxpart__6: 
case__42: 
case__5: 
case__77: 
logic__14: 
logic__64: 
reg__38: 
case__54: 
muxpart__83: 
logic__132: 
muxpart__9: 
logic__345: 
muxpart__1: 
logic__78: 
logic__193: 
logic__311: 
reg__34: 
reg: 
Board_reset: 
datapath__6: 
logic__70: 
case__22: 
muxpart__43: 
muxpart__42: 
logic__303: 
muxpart__70: 
muxpart__67: 
reg__41: 
datapath__2: 
reg__21: 
logic__359: 
Traffic_Light: 
case__10: 
reg__2: 
logic__77: 
logic__73: 
logic__323: 
muxpart__20: 
muxpart__82: 
logic__159: 
logic__214: 
muxpart__16: 
case__9: 
reg__20: 
logic__12: 
logic__39: 
case__75: 
muxpart__61: 
muxpart__57: 
muxpart__64: 
logic__286: 
datapath__5: 
reg__30: 
